2025-11-23 10:16:30.620504: I external/local_xla/xla/tsl/cuda/cudart_stub.cc:31] Could not find cuda drivers on your machine, GPU will not be used.
2025-11-23 10:16:30.620841: I tensorflow/core/util/port.cc:153] oneDNN custom operations are on. You may see slightly different numerical results due to floating-point round-off errors from different computation orders. To turn them off, set the environment variable `TF_ENABLE_ONEDNN_OPTS=0`.
2025-11-23 10:16:30.665135: I tensorflow/core/platform/cpu_feature_guard.cc:210] This TensorFlow binary is optimized to use available CPU instructions in performance-critical operations.
To enable the following instructions: AVX2 AVX512F AVX512_VNNI FMA, in other operations, rebuild TensorFlow with the appropriate compiler flags.
2025-11-23 10:16:31.719076: I tensorflow/core/util/port.cc:153] oneDNN custom operations are on. You may see slightly different numerical results due to floating-point round-off errors from different computation orders. To turn them off, set the environment variable `TF_ENABLE_ONEDNN_OPTS=0`.
2025-11-23 10:16:31.719414: I external/local_xla/xla/tsl/cuda/cudart_stub.cc:31] Could not find cuda drivers on your machine, GPU will not be used.
/home/runner/.local/lib/python3.12/site-packages/keras/src/layers/convolutional/base_conv.py:113: UserWarning: Do not pass an `input_shape`/`input_dim` argument to a layer. When using Sequential models, prefer using an `Input(shape)` object as the first layer in the model instead.
  super().__init__(activity_regularizer=activity_regularizer, **kwargs)
2025-11-23 10:16:32.053373: E external/local_xla/xla/stream_executor/cuda/cuda_platform.cc:51] failed call to cuInit: INTERNAL: CUDA error: Failed call to cuInit: UNKNOWN ERROR (303)
/home/runner/.local/lib/python3.12/site-packages/keras/src/layers/activations/leaky_relu.py:41: UserWarning: Argument `alpha` is deprecated. Use `negative_slope` instead.
  warnings.warn(
Loading Fashion-MNIST dataset...
Training set shape: (10000, 28, 28, 1)
Pixel value range: [-1.00, 0.77]

Building DCGAN architecture...
Model: "discriminator"
┏━━━━━━━━━━━━━━━━━━━━━━━━━━━━━━━━━┳━━━━━━━━━━━━━━━━━━━━━━━━┳━━━━━━━━━━━━━━━┓
┃ Layer (type)                    ┃ Output Shape           ┃       Param # ┃
┡━━━━━━━━━━━━━━━━━━━━━━━━━━━━━━━━━╇━━━━━━━━━━━━━━━━━━━━━━━━╇━━━━━━━━━━━━━━━┩
│ conv2d (Conv2D)                 │ (None, 14, 14, 64)     │           640 │
├─────────────────────────────────┼────────────────────────┼───────────────┤
│ leaky_re_lu (LeakyReLU)         │ (None, 14, 14, 64)     │             0 │
├─────────────────────────────────┼────────────────────────┼───────────────┤
│ dropout (Dropout)               │ (None, 14, 14, 64)     │             0 │
├─────────────────────────────────┼────────────────────────┼───────────────┤
│ conv2d_1 (Conv2D)               │ (None, 7, 7, 128)      │        73,856 │
├─────────────────────────────────┼────────────────────────┼───────────────┤
│ leaky_re_lu_1 (LeakyReLU)       │ (None, 7, 7, 128)      │             0 │
├─────────────────────────────────┼────────────────────────┼───────────────┤
│ dropout_1 (Dropout)             │ (None, 7, 7, 128)      │             0 │
├─────────────────────────────────┼────────────────────────┼───────────────┤
│ conv2d_2 (Conv2D)               │ (None, 4, 4, 256)      │       295,168 │
├─────────────────────────────────┼────────────────────────┼───────────────┤
│ leaky_re_lu_2 (LeakyReLU)       │ (None, 4, 4, 256)      │             0 │
├─────────────────────────────────┼────────────────────────┼───────────────┤
│ dropout_2 (Dropout)             │ (None, 4, 4, 256)      │             0 │
├─────────────────────────────────┼────────────────────────┼───────────────┤
│ flatten (Flatten)               │ (None, 4096)           │             0 │
├─────────────────────────────────┼────────────────────────┼───────────────┤
│ dense (Dense)                   │ (None, 1)              │         4,097 │
└─────────────────────────────────┴────────────────────────┴───────────────┘
 Total params: 373,761 (1.43 MB)
 Trainable params: 373,761 (1.43 MB)
 Non-trainable params: 0 (0.00 B)
/home/runner/.local/lib/python3.12/site-packages/keras/src/layers/core/dense.py:95: UserWarning: Do not pass an `input_shape`/`input_dim` argument to a layer. When using Sequential models, prefer using an `Input(shape)` object as the first layer in the model instead.
  super().__init__(activity_regularizer=activity_regularizer, **kwargs)
Model: "generator"
┏━━━━━━━━━━━━━━━━━━━━━━━━━━━━━━━━━┳━━━━━━━━━━━━━━━━━━━━━━━━┳━━━━━━━━━━━━━━━┓
┃ Layer (type)                    ┃ Output Shape           ┃       Param # ┃
┡━━━━━━━━━━━━━━━━━━━━━━━━━━━━━━━━━╇━━━━━━━━━━━━━━━━━━━━━━━━╇━━━━━━━━━━━━━━━┩
│ dense_1 (Dense)                 │ (None, 12544)          │     1,266,944 │
├─────────────────────────────────┼────────────────────────┼───────────────┤
│ leaky_re_lu_3 (LeakyReLU)       │ (None, 12544)          │             0 │
├─────────────────────────────────┼────────────────────────┼───────────────┤
│ reshape (Reshape)               │ (None, 7, 7, 256)      │             0 │
├─────────────────────────────────┼────────────────────────┼───────────────┤
│ conv2d_transpose                │ (None, 14, 14, 128)    │       524,416 │
│ (Conv2DTranspose)               │                        │               │
├─────────────────────────────────┼────────────────────────┼───────────────┤
│ batch_normalization             │ (None, 14, 14, 128)    │           512 │
│ (BatchNormalization)            │                        │               │
├─────────────────────────────────┼────────────────────────┼───────────────┤
│ leaky_re_lu_4 (LeakyReLU)       │ (None, 14, 14, 128)    │             0 │
├─────────────────────────────────┼────────────────────────┼───────────────┤
│ conv2d_transpose_1              │ (None, 28, 28, 64)     │       131,136 │
│ (Conv2DTranspose)               │                        │               │
├─────────────────────────────────┼────────────────────────┼───────────────┤
│ batch_normalization_1           │ (None, 28, 28, 64)     │           256 │
│ (BatchNormalization)            │                        │               │
├─────────────────────────────────┼────────────────────────┼───────────────┤
│ leaky_re_lu_5 (LeakyReLU)       │ (None, 28, 28, 64)     │             0 │
├─────────────────────────────────┼────────────────────────┼───────────────┤
│ conv2d_3 (Conv2D)               │ (None, 28, 28, 1)      │           577 │
└─────────────────────────────────┴────────────────────────┴───────────────┘
 Total params: 1,923,841 (7.34 MB)
 Trainable params: 1,923,457 (7.34 MB)
 Non-trainable params: 384 (1.50 KB)
Model: "combined_gan"
┏━━━━━━━━━━━━━━━━━━━━━━━━━━━━━━━━━┳━━━━━━━━━━━━━━━━━━━━━━━━┳━━━━━━━━━━━━━━━┓
┃ Layer (type)                    ┃ Output Shape           ┃       Param # ┃
┡━━━━━━━━━━━━━━━━━━━━━━━━━━━━━━━━━╇━━━━━━━━━━━━━━━━━━━━━━━━╇━━━━━━━━━━━━━━━┩
│ input_layer_2 (InputLayer)      │ (None, 100)            │             0 │
├─────────────────────────────────┼────────────────────────┼───────────────┤
│ generator (Sequential)          │ (None, 28, 28, 1)      │     1,923,841 │
├─────────────────────────────────┼────────────────────────┼───────────────┤
│ discriminator (Sequential)      │ (None, 1)              │       373,761 │
└─────────────────────────────────┴────────────────────────┴───────────────┘
 Total params: 2,297,602 (8.76 MB)
 Trainable params: 1,923,457 (7.34 MB)
 Non-trainable params: 374,145 (1.43 MB)
WARNING: All log messages before absl::InitializeLog() is called are written to STDERR
E0000 00:00:1763892993.210426    5244 meta_optimizer.cc:967] remapper failed: INVALID_ARGUMENT: Mutation::Apply error: fanout 'gradient_tape/discriminator_1/leaky_re_lu_1/LeakyRelu/LeakyReluGrad' exist for missing node 'discriminator_1/conv2d_1/BiasAdd'.
WARNING:absl:You are saving your model as an HDF5 file via `model.save()` or `keras.saving.save_model(model)`. This file format is considered legacy. We recommend using instead the native Keras format, e.g. `model.save('my_model.keras')` or `keras.saving.save_model(model, 'my_model.keras')`. 
WARNING:absl:You are saving your model as an HDF5 file via `model.save()` or `keras.saving.save_model(model)`. This file format is considered legacy. We recommend using instead the native Keras format, e.g. `model.save('my_model.keras')` or `keras.saving.save_model(model, 'my_model.keras')`. 

Starting DCGAN training...
Epoch 10/20 | D Loss: 0.5146, D Acc: 0.0000 | G Loss: 0.3584
Epoch 20/20 | D Loss: 0.3849, D Acc: 0.0000 | G Loss: 0.2393

Training completed!
Models saved!

Generating final visualizations...
Saved: dcgan_loss_curves.png
Saved: dcgan_accuracy_curve.png

Generating final synthetic images...
Saved: dcgan_final_generated.png
Saved: dcgan_real_vs_fake.png

==================================================
DCGAN training completed!
All outputs saved to: outputs
==================================================
